// Jest Snapshot v1, https://goo.gl/fbAQLP

exports[`Grenade - Snapshot animation test should render correctly 1`] = `
<View
  animatedStyle={
    {
      "value": {},
    }
  }
  collapsable={false}
  style={
    {
      "flex": 1,
      "width": "100%",
    }
  }
>
  <View
    animatedStyle={
      {
        "value": {
          "backgroundColor": "rgb(245, 245, 245)",
          "opacity": 0,
        },
      }
    }
    collapsable={false}
    style={
      {
        "backgroundColor": "rgb(245, 245, 245)",
        "height": "100%",
        "opacity": 0,
        "position": "absolute",
        "width": "100%",
        "zIndex": 10,
      }
    }
    testID="flashAnimation"
  />
</View>
`;
