// Jest Snapshot v1, https://goo.gl/fbAQLP

exports[`Grenade Fragment - Snapshot animation test should render correctly 1`] = `
[
  <View
    collapsable={false}
    jestAnimatedStyle={
      {
        "value": {
          "backgroundColor": "rgb(255, 64, 20)",
          "height": 80,
          "left": 0,
          "opacity": 0,
          "position": "absolute",
          "top": 0,
          "width": 750,
        },
      }
    }
    style={
      {
        "backgroundColor": "rgb(255, 64, 20)",
        "height": 80,
        "left": 0,
        "opacity": 0,
        "position": "absolute",
        "top": 0,
        "width": 750,
      }
    }
  />,
  <View
    collapsable={false}
    jestAnimatedStyle={
      {
        "value": {
          "height": 80,
          "left": 0,
          "top": 0,
          "transform": [
            {
              "rotate": "0deg",
            },
          ],
          "width": 0,
        },
      }
    }
    style={
      {
        "backgroundColor": "rgb(255, 64, 20)",
        "height": 80,
        "left": 0,
        "opacity": 0,
        "position": "absolute",
        "top": 0,
        "transform": [
          {
            "rotate": "0deg",
          },
        ],
        "width": 0,
      }
    }
    testID="rectangleModel"
  />,
  ";",
]
`;
