// Jest Snapshot v1, https://goo.gl/fbAQLP

exports[`Analogic Directional - Snapshot mobile controller test should render correctly 1`] = `
<View
  style={
    [
      undefined,
      [
        {
          "alignItems": "center",
          "height": "50%",
          "justifyContent": "center",
          "width": "30%",
        },
        undefined,
      ],
    ]
  }
>
  <View
    collapsable={false}
    style={
      [
        undefined,
        [
          {
            "borderRadius": 150,
            "height": 300,
            "width": 300,
          },
          {
            "alignItems": "center",
            "backgroundColor": "rgb(8, 78, 94)",
            "elevation": 3,
            "justifyContent": "center",
            "zIndex": 1000,
          },
        ],
      ]
    }
    testID="pan"
  >
    <View
      collapsable={false}
      jestAnimatedStyle={
        {
          "value": {
            "transform": [
              {
                "translateX": 0,
              },
              {
                "translateY": 0,
              },
            ],
          },
        }
      }
      style={
        {
          "backgroundColor": "rgb(20, 210, 255)",
          "borderRadius": 150,
          "height": 120,
          "transform": [
            {
              "translateX": 0,
            },
            {
              "translateY": 0,
            },
          ],
          "width": 120,
        }
      }
    />
  </View>
</View>
`;
