// Jest Snapshot v1, https://goo.gl/fbAQLP

exports[`Circle model - Snapshot test Should renders correctly 1`] = `
<View
  animatedStyle={
    {
      "value": {
        "borderRadius": 25,
        "height": 50,
        "left": 25,
        "top": 50,
        "width": 50,
      },
    }
  }
  collapsable={false}
  style={
    {
      "backgroundColor": "rgb(255, 64, 20)",
      "borderRadius": 25,
      "height": 50,
      "left": 25,
      "position": "absolute",
      "top": 50,
      "width": 50,
    }
  }
  testID="circleModel"
/>
`;
