// Jest Snapshot v1, https://goo.gl/fbAQLP

exports[`Keyboard controller - snapshot test should render correctly 1`] = `null`;
