// Jest Snapshot v1, https://goo.gl/fbAQLP

exports[`Web Control - Snapshot web control test should render correctly 1`] = `null`;
