// Jest Snapshot v1, https://goo.gl/fbAQLP

exports[`Icon - Snapshot component test should render correctly 1`] = `<Text />`;
