// Jest Snapshot v1, https://goo.gl/fbAQLP

exports[`Setting Item - Snapshot component test should render correctly 1`] = `
<View
  accessibilityState={
    {
      "busy": undefined,
      "checked": undefined,
      "disabled": undefined,
      "expanded": undefined,
      "selected": undefined,
    }
  }
  accessibilityValue={
    {
      "max": undefined,
      "min": undefined,
      "now": undefined,
      "text": undefined,
    }
  }
  accessible={true}
  collapsable={false}
  focusable={true}
  onBlur={[Function]}
  onClick={[Function]}
  onFocus={[Function]}
  onResponderGrant={[Function]}
  onResponderMove={[Function]}
  onResponderRelease={[Function]}
  onResponderTerminate={[Function]}
  onResponderTerminationRequest={[Function]}
  onStartShouldSetResponder={[Function]}
>
  <View
    style={
      [
        {
          "backgroundColor": "rgb(3, 38, 25)",
        },
        {
          "alignItems": "center",
          "flexDirection": "row",
          "paddingBottom": 16,
        },
      ]
    }
  >
    <Text />
    <Text
      style={
        [
          {
            "color": "rgb(245, 245, 245)",
            "fontSize": 22,
          },
          [
            {
              "height": "auto",
            },
            {
              "fontFamily": "MajorMonoDisplay",
            },
          ],
        ]
      }
    >
      test
    </Text>
  </View>
</View>
`;
