// Jest Snapshot v1, https://goo.gl/fbAQLP

exports[`View - Snapshot component test should render correctly 1`] = `
<View
  style={
    [
      undefined,
      undefined,
    ]
  }
/>
`;
